Loading Zephyr default modules (Zephyr base).
-- Application: /home/shohem/Documents/dev/zephyr-course/tests/ring_buf
-- CMake version: 4.3.0
-- Found Python3: /home/shohem/zephyrproject/.venv/bin/python (found suitable version "3.14.7", minimum required is "3.10") found components: Interpreter
-- Cache files will be written to: /home/shohem/.cache/zephyr
-- Zephyr version: 4.2.0 (/home/shohem/Documents/dev/deps/zephyr)
-- Found west (found suitable version "1.5.0", minimum required is "0.14.0")
-- Board: native_sim, qualifiers: native
-- Found toolchain: host (gcc/ld)
-- Found Dtc: /usr/bin/dtc (found suitable version "1.8.1", minimum required is "1.4.6")
-- Found BOARD.dts: /home/shohem/Documents/dev/deps/zephyr/boards/native/native_sim/native_sim.dts
-- Generated zephyr.dts: /home/shohem/Documents/dev/zephyr-course/twister-out/native_sim_native/host/homework.unit.ring_buf/zephyr/zephyr.dts
-- Generated pickled edt: /home/shohem/Documents/dev/zephyr-course/twister-out/native_sim_native/host/homework.unit.ring_buf/zephyr/edt.pickle
-- Generated devicetree_generated.h: /home/shohem/Documents/dev/zephyr-course/twister-out/native_sim_native/host/homework.unit.ring_buf/zephyr/include/generated/zephyr/devicetree_generated.h
Parsing /home/shohem/Documents/dev/zephyr-course/tests/ring_buf/Kconfig
Loaded configuration '/home/shohem/Documents/dev/deps/zephyr/boards/native/native_sim/native_sim_defconfig'
Merged configuration '/home/shohem/Documents/dev/zephyr-course/tests/ring_buf/prj.conf'
Merged configuration '/home/shohem/Documents/dev/zephyr-course/twister-out/native_sim_native/host/homework.unit.ring_buf/zephyr/misc/generated/extra_kconfig_options.conf'
Configuration saved to '/home/shohem/Documents/dev/zephyr-course/twister-out/native_sim_native/host/homework.unit.ring_buf/zephyr/.config'
Kconfig header saved to '/home/shohem/Documents/dev/zephyr-course/twister-out/native_sim_native/host/homework.unit.ring_buf/zephyr/include/generated/zephyr/autoconf.h'
-- Found GnuLd: /usr/bin/ld.bfd (found version "2.46.1")
-- The C compiler identification is GNU 16.2.1
-- The CXX compiler identification is GNU 16.2.1
-- The ASM compiler identification is GNU
-- Found assembler: /usr/lib64/ccache/gcc
CMake Warning at /home/shohem/Documents/dev/deps/zephyr/subsys/random/CMakeLists.txt:12 (message):


      Warning: CONFIG_TIMER_RANDOM_GENERATOR and CONFIG_TEST_CSPRNG_GENERATOR are
      not truly random generators. This capability is not secure and it is
      provided for testing purposes only. Use it carefully.


-- Found gen_kobject_list: /home/shohem/Documents/dev/deps/zephyr/scripts/build/gen_kobject_list.py
-- Configuring done (2.6s)
-- Generating done (0.1s)
CMake Warning:
  Manually-specified variables were not used by the project:

    TC_NAME


-- Build files have been written to: /home/shohem/Documents/dev/zephyr-course/twister-out/native_sim_native/host/homework.unit.ring_buf
ninja: warning: Ignoring jobserver: Pipe-based protocol is not supported! [ -j12 --jobserver-auth=8,9]
[1/104] Preparing syscall dependency handling

[2/104] Generating include/generated/zephyr/version.h
-- Zephyr version: 4.2.0 (/home/shohem/Documents/dev/deps/zephyr), build: v4.2.0
[3/104] Generating misc/generated/syscalls_subdirs.trigger
[4/104] Generating misc/generated/syscalls.json, misc/generated/struct_tags.json
[5/104] Generating include/generated/device-api-sections.ld, include/generated/device-api-sections.cmake
[6/104] Generating include/generated/zephyr/syscall_dispatch.c, include/generated/zephyr/syscall_exports_llext.c, syscall_weakdefs_llext.c, include/generated/zephyr/syscall_list.h
[7/104] Generating include/generated/zephyr/kobj-types-enum.h, include/generated/zephyr/otype-to-str.h, include/generated/zephyr/otype-to-size.h
[8/104] Generating include/generated/zephyr/driver-validation.h
[9/104] Building C object zephyr/CMakeFiles/offsets.dir/arch/posix/core/offsets/offsets.c.obj
[10/104] Generating include/generated/zephyr/offsets.h
[11/104] Building C object zephyr/CMakeFiles/zephyr.dir/lib/os/cbprintf.c.obj
[12/104] Building C object zephyr/CMakeFiles/zephyr.dir/lib/utils/dec.c.obj
[13/104] Building C object zephyr/CMakeFiles/zephyr.dir/lib/os/thread_entry.c.obj
[14/104] Building C object zephyr/CMakeFiles/zephyr.dir/lib/utils/hex.c.obj
[15/104] Building C object zephyr/CMakeFiles/zephyr.dir/lib/os/printk.c.obj
[16/104] Building C object zephyr/CMakeFiles/zephyr.dir/lib/os/sem.c.obj
[17/104] Building C object zephyr/CMakeFiles/zephyr.dir/misc/generated/configs.c.obj
[18/104] Building C object zephyr/CMakeFiles/zephyr.dir/lib/os/assert.c.obj
[19/104] Building C object CMakeFiles/app.dir/home/shohem/Documents/dev/zephyr-course/app/modules/ring_buf/src/ring_buf.c.obj
[20/104] Building C object zephyr/CMakeFiles/zephyr.dir/lib/utils/timeutil.c.obj
[21/104] Building C object zephyr/CMakeFiles/zephyr.dir/lib/os/clock.c.obj
[22/104] Building C object CMakeFiles/app.dir/src/test_ring_buf.c.obj
[23/104] Building C object zephyr/CMakeFiles/zephyr.dir/lib/os/cbprintf_complete.c.obj
[24/104] Building C object zephyr/CMakeFiles/zephyr.dir/lib/utils/rb.c.obj
[25/104] Building C object zephyr/CMakeFiles/zephyr.dir/lib/os/cbprintf_packaged.c.obj
[26/104] Generating linker_zephyr_pre0.cmd
[27/104] Building C object zephyr/CMakeFiles/zephyr.dir/lib/heap/heap.c.obj
[28/104] Building C object zephyr/CMakeFiles/zephyr.dir/subsys/logging/log_cache.c.obj
[29/104] Building C object zephyr/CMakeFiles/zephyr.dir/lib/utils/ring_buffer.c.obj
[30/104] Building C object zephyr/arch/arch/posix/core/CMakeFiles/arch__posix__core.dir/posix_core_nsi.c.obj
[31/104] Building C object zephyr/CMakeFiles/zephyr.dir/subsys/logging/backends/log_backend_native_posix.c.obj
[32/104] Building C object zephyr/CMakeFiles/zephyr.dir/subsys/logging/log_core.c.obj
[33/104] Building C object zephyr/arch/arch/posix/core/CMakeFiles/arch__posix__core.dir/irq.c.obj
[34/104] Building C object zephyr/arch/arch/posix/core/CMakeFiles/arch__posix__core.dir/cpuhalt.c.obj
[35/104] Building C object zephyr/soc/soc/native/CMakeFiles/soc__native__inf_clock.dir/native_tasks.c.obj
[36/104] Building C object zephyr/CMakeFiles/zephyr.dir/subsys/logging/log_output.c.obj
[37/104] Building C object zephyr/boards/native/native_sim/CMakeFiles/boards__native__native_sim.dir/cmdline.c.obj
[38/104] Building C object zephyr/CMakeFiles/zephyr.dir/subsys/tracing/tracing_none.c.obj
[39/104] Building C object zephyr/CMakeFiles/zephyr.dir/subsys/logging/log_mgmt.c.obj
[40/104] Building C object zephyr/soc/soc/native/CMakeFiles/soc__native__inf_clock.dir/native_remap.c.obj
[41/104] Building C object zephyr/CMakeFiles/zephyr.dir/subsys/logging/log_msg.c.obj
[42/104] Building C object zephyr/CMakeFiles/zephyr.dir/lib/utils/bitarray.c.obj
[43/104] Building C object zephyr/arch/arch/posix/core/CMakeFiles/arch__posix__core.dir/fatal.c.obj
[44/104] Building C object zephyr/soc/soc/native/CMakeFiles/soc__native__inf_clock.dir/soc.c.obj
[45/104] Building C object zephyr/boards/native/native_sim/CMakeFiles/boards__native__native_sim.dir/misc.c.obj
[46/104] Building C object zephyr/arch/arch/posix/core/CMakeFiles/arch__posix__core.dir/swap.c.obj
[47/104] Building C object zephyr/arch/arch/posix/core/CMakeFiles/arch__posix__core.dir/thread.c.obj
[48/104] Building C object zephyr/boards/native/native_sim/CMakeFiles/boards__native__native_sim.dir/posix_arch_if.c.obj
[49/104] Building C object zephyr/boards/native/native_sim/CMakeFiles/boards__native__native_sim.dir/nsi_if.c.obj
[50/104] Building C object zephyr/boards/native/native_sim/CMakeFiles/boards__native__native_sim.dir/cpu_wait.c.obj
[51/104] Building C object zephyr/subsys/random/CMakeFiles/subsys__random.dir/random_test_csprng.c.obj
[52/104] Building C object zephyr/subsys/testsuite/ztest/CMakeFiles/subsys__testsuite__ztest.dir/src/ztest_rules.c.obj
[53/104] Building C object zephyr/subsys/testsuite/ztest/CMakeFiles/subsys__testsuite__ztest.dir/src/ztest_error_hook.c.obj
[54/104] Building C object zephyr/boards/native/native_sim/CMakeFiles/boards__native__native_sim.dir/irq_handler.c.obj
[55/104] Building C object zephyr/kernel/CMakeFiles/kernel.dir/busy_wait.c.obj
[56/104] Building C object zephyr/subsys/random/CMakeFiles/subsys__random.dir/random_timer.c.obj
[57/104] Building C object zephyr/drivers/console/CMakeFiles/drivers__console.dir/posix_arch_console.c.obj
[58/104] Building C object zephyr/drivers/timer/CMakeFiles/drivers__timer.dir/sys_clock_init.c.obj
[59/104] Building C object zephyr/kernel/CMakeFiles/kernel.dir/banner.c.obj
[60/104] Building C object zephyr/kernel/CMakeFiles/kernel.dir/main_weak.c.obj
[61/104] Building C object zephyr/subsys/testsuite/ztest/CMakeFiles/subsys__testsuite__ztest.dir/src/ztest_posix.c.obj
[62/104] Building C object zephyr/drivers/timer/CMakeFiles/drivers__timer.dir/native_sim_timer.c.obj
[63/104] Building C object zephyr/kernel/CMakeFiles/kernel.dir/version.c.obj
[64/104] Building C object zephyr/kernel/CMakeFiles/kernel.dir/device.c.obj
[65/104] Building C object zephyr/kernel/CMakeFiles/kernel.dir/errno.c.obj
[66/104] Building C object zephyr/subsys/testsuite/ztest/CMakeFiles/subsys__testsuite__ztest.dir/src/ztest.c.obj
[67/104] Building C object zephyr/kernel/CMakeFiles/kernel.dir/float.c.obj
[68/104] Building C object zephyr/kernel/CMakeFiles/kernel.dir/init.c.obj
[69/104] Building C object zephyr/kernel/CMakeFiles/kernel.dir/idle.c.obj
[70/104] Building C object zephyr/kernel/CMakeFiles/kernel.dir/mem_slab.c.obj
[71/104] Building C object zephyr/kernel/CMakeFiles/kernel.dir/fatal.c.obj
[72/104] Building C object zephyr/kernel/CMakeFiles/kernel.dir/system_work_q.c.obj
[73/104] Building C object zephyr/kernel/CMakeFiles/kernel.dir/kheap.c.obj
[74/104] Building C object zephyr/kernel/CMakeFiles/kernel.dir/sem.c.obj
[75/104] Building C object zephyr/kernel/CMakeFiles/kernel.dir/mutex.c.obj
[76/104] Building C object zephyr/kernel/CMakeFiles/kernel.dir/mailbox.c.obj
[77/104] Building C object zephyr/kernel/CMakeFiles/kernel.dir/stack.c.obj
[78/104] Linking C static library app/libapp.a
[79/104] Building C object zephyr/kernel/CMakeFiles/kernel.dir/msg_q.c.obj
[80/104] Building C object zephyr/kernel/CMakeFiles/kernel.dir/queue.c.obj
[81/104] Building C object zephyr/kernel/CMakeFiles/kernel.dir/condvar.c.obj
[82/104] Building C object zephyr/CMakeFiles/zephyr_pre0.dir/misc/empty_file.c.obj
[83/104] Linking C static library zephyr/arch/arch/posix/core/libarch__posix__core.a
[84/104] Linking C static library zephyr/libzephyr.a
[85/104] Building C object zephyr/kernel/CMakeFiles/kernel.dir/timeslicing.c.obj
[86/104] Building C object zephyr/kernel/CMakeFiles/kernel.dir/thread.c.obj
[87/104] Linking C static library zephyr/soc/soc/native/libsoc__native__inf_clock.a
[88/104] Linking C static library zephyr/boards/native/native_sim/libboards__native__native_sim.a
[89/104] Building C object zephyr/kernel/CMakeFiles/kernel.dir/dynamic_disabled.c.obj
[90/104] Linking C static library zephyr/subsys/random/libsubsys__random.a
[91/104] Building C object zephyr/kernel/CMakeFiles/kernel.dir/mempool.c.obj
[92/104] Building C object zephyr/kernel/CMakeFiles/kernel.dir/spinlock_validate.c.obj
[93/104] Linking C static library zephyr/drivers/timer/libdrivers__timer.a
[94/104] Linking C static library zephyr/subsys/testsuite/ztest/libsubsys__testsuite__ztest.a
[95/104] Building C object zephyr/kernel/CMakeFiles/kernel.dir/pipe.c.obj
[96/104] Linking C static library zephyr/drivers/console/libdrivers__console.a
[97/104] Building C object zephyr/kernel/CMakeFiles/kernel.dir/timer.c.obj
[98/104] Building C object zephyr/kernel/CMakeFiles/kernel.dir/timeout.c.obj
[99/104] Building C object zephyr/kernel/CMakeFiles/kernel.dir/work.c.obj
[100/104] Building C object zephyr/kernel/CMakeFiles/kernel.dir/sched.c.obj
[101/104] Linking C static library zephyr/kernel/libkernel.a
[102/104] Linking C executable zephyr/zephyr.elf; Logical command for additional byproducts on target: zephyr_pre0
Generating files from /home/shohem/Documents/dev/zephyr-course/twister-out/native_sim_native/host/homework.unit.ring_buf/zephyr/zephyr.elf for board: native_sim
[103/104] Building native simulator runner, and linking final executable
[104/104] Running utility command for native_runner_executable
