2026-10-07 22:16:38,936 - twister - INFO - Using Ninja..
2026-10-07 22:16:38,968 - twister - INFO - Zephyr version: v4.2.0
2026-10-07 22:16:38,971 - twister - DEBUG - Running cmake script /home/shohem/Documents/dev/deps/zephyr/cmake/verify-toolchain.cmake
2026-10-07 22:16:38,971 - twister - DEBUG - Calling cmake: /usr/bin/cmake -DFORMAT=json -P /home/shohem/Documents/dev/deps/zephyr/cmake/verify-toolchain.cmake
2026-10-07 22:16:39,102 - twister - DEBUG - Finished running /home/shohem/Documents/dev/deps/zephyr/cmake/verify-toolchain.cmake
2026-10-07 22:16:39,102 - twister - INFO - Using 'zephyr' toolchain.
2026-10-07 22:16:39,848 - twister - DEBUG - Reading testsuite configuration files under /home/shohem/Documents/dev/zephyr-course/tests/ring_buf...
2026-10-07 22:16:39,848 - twister - DEBUG - Found possible testsuite in /home/shohem/Documents/dev/zephyr-course/tests/ring_buf
2026-10-07 22:16:39,849 - twister - DEBUG - No duplicates found.
2026-10-07 22:16:39,850 - twister - DEBUG - platform filter: ['native_sim']
2026-10-07 22:16:39,850 - twister - DEBUG -   vendor filter: []
2026-10-07 22:16:39,850 - twister - DEBUG -     arch_filter: None
2026-10-07 22:16:39,850 - twister - DEBUG -      tag_filter: None
2026-10-07 22:16:39,850 - twister - DEBUG -     exclude_tag: None
2026-10-07 22:16:39,850 - twister - DEBUG - Checking platform filter: ['native_sim']
2026-10-07 22:16:39,850 - twister - INFO - Building initial testsuite list...
2026-10-07 22:16:39,850 - twister - INFO - Writing JSON report /home/shohem/Documents/dev/zephyr-course/twister-out/testplan.json
2026-10-07 22:16:39,942 - twister - INFO - JOBS: 12
2026-10-07 22:16:39,942 - twister - INFO - Adding tasks to the queue...
2026-10-07 22:16:39,942 - twister - DEBUG - adding native_sim/native/host/homework.unit.ring_buf
2026-10-07 22:16:40,006 - twister - INFO - Added initial list of jobs to queue
