2026-10-07 22:21:27,208 - twister - INFO - Using Ninja..
2026-10-07 22:21:27,240 - twister - INFO - Zephyr version: v4.2.0
2026-10-07 22:21:27,242 - twister - DEBUG - Running cmake script /home/shohem/Documents/dev/deps/zephyr/cmake/verify-toolchain.cmake
2026-10-07 22:21:27,242 - twister - DEBUG - Calling cmake: /usr/bin/cmake -DFORMAT=json -P /home/shohem/Documents/dev/deps/zephyr/cmake/verify-toolchain.cmake
2026-10-07 22:21:27,370 - twister - DEBUG - Finished running /home/shohem/Documents/dev/deps/zephyr/cmake/verify-toolchain.cmake
2026-10-07 22:21:27,370 - twister - INFO - Using 'zephyr' toolchain.
2026-10-07 22:21:28,067 - twister - DEBUG - Reading testsuite configuration files under /home/shohem/Documents/dev/zephyr-course/tests/ring_buf...
2026-10-07 22:21:28,067 - twister - DEBUG - Found possible testsuite in /home/shohem/Documents/dev/zephyr-course/tests/ring_buf
2026-10-07 22:21:28,069 - twister - DEBUG - No duplicates found.
2026-10-07 22:21:28,069 - twister - DEBUG - platform filter: ['native_sim']
2026-10-07 22:21:28,069 - twister - DEBUG -   vendor filter: []
2026-10-07 22:21:28,069 - twister - DEBUG -     arch_filter: None
2026-10-07 22:21:28,069 - twister - DEBUG -      tag_filter: None
2026-10-07 22:21:28,069 - twister - DEBUG -     exclude_tag: None
2026-10-07 22:21:28,069 - twister - DEBUG - Checking platform filter: ['native_sim']
2026-10-07 22:21:28,069 - twister - INFO - Building initial testsuite list...
2026-10-07 22:21:28,070 - twister - INFO - Writing JSON report /home/shohem/Documents/dev/zephyr-course/twister-out/testplan.json
2026-10-07 22:21:28,078 - twister - INFO - JOBS: 12
2026-10-07 22:21:28,078 - twister - INFO - Adding tasks to the queue...
2026-10-07 22:21:28,078 - twister - DEBUG - adding native_sim/native/host/homework.unit.ring_buf
2026-10-07 22:21:28,079 - twister - INFO - Added initial list of jobs to queue
2026-10-07 22:21:28,082 - twister - DEBUG - Running cmake on /home/shohem/Documents/dev/zephyr-course/tests/ring_buf for native_sim/native
2026-10-07 22:21:28,082 - twister - DEBUG - Calling cmake: /usr/bin/cmake -B/home/shohem/Documents/dev/zephyr-course/twister-out/native_sim_native/host/homework.unit.ring_buf -DTC_RUNID=3a39bac2accfae5005cee7e1ab5936b9 -DTC_NAME=homework.unit.ring_buf -DCONFIG_COMPILER_WARNINGS_AS_ERRORS=y -DEXTRA_GEN_EDT_ARGS=--edtlib-Werror -GNinja -DPython3_EXECUTABLE=/home/shohem/zephyrproject/.venv/bin/python -DZEPHYR_TOOLCHAIN_VARIANT=host -S/home/shohem/Documents/dev/zephyr-course/tests/ring_buf -DBOARD=native_sim/native
2026-10-07 22:21:28,093 - twister - DEBUG - Launched 12 jobs
2026-10-07 22:21:32,711 - twister - DEBUG - Finished running cmake /home/shohem/Documents/dev/zephyr-course/tests/ring_buf for native_sim/native in 4.63 seconds
2026-10-07 22:21:32,712 - twister - DEBUG - build test: native_sim/native/host/homework.unit.ring_buf
2026-10-07 22:21:32,712 - twister - DEBUG - Building /home/shohem/Documents/dev/zephyr-course/tests/ring_buf for native_sim/native
2026-10-07 22:21:32,713 - twister - DEBUG - Running /usr/bin/cmake --build /home/shohem/Documents/dev/zephyr-course/twister-out/native_sim_native/host/homework.unit.ring_buf
2026-10-07 22:21:33,060 - twister - ERROR - native_sim/native         homework.unit.ring_buf                             [31mERROR[39m: Build failure
2026-10-07 22:21:33,060 - twister - ERROR - see: [33m/home/shohem/Documents/dev/zephyr-course/twister-out/native_sim_native/host/homework.unit.ring_buf/build.log[39m
2026-10-07 22:21:33,064 - twister - INFO - 1 test scenarios (1 configurations) selected, 0 configurations filtered (0 by static filter, 0 at runtime).
2026-10-07 22:21:33,068 - twister - INFO - [32m0 of 1[39m executed test configurations passed (0.00%), 0 built (not run), 0 failed, [31m1[39m errored, with no warnings in 5.86 seconds.
2026-10-07 22:21:33,068 - twister - INFO - 0 of 8 executed test cases passed (0.00%), 8 blocked on 1 out of total 1115 platforms (0.09%).
2026-10-07 22:21:33,068 - twister - INFO - [32m0[39m test configurations executed on platforms, [36m1[39m test configurations were only built.
2026-10-07 22:21:33,068 - twister - INFO - Saving reports...
2026-10-07 22:21:33,068 - twister - INFO - Writing JSON report /home/shohem/Documents/dev/zephyr-course/twister-out/twister.json
2026-10-07 22:21:33,069 - twister - INFO - Writing xunit report /home/shohem/Documents/dev/zephyr-course/twister-out/twister.xml...
2026-10-07 22:21:33,070 - twister - INFO - Writing xunit report /home/shohem/Documents/dev/zephyr-course/twister-out/twister_report.xml...
2026-10-07 22:21:33,071 - twister - INFO - -+-+-+-+-+-+-+-+-+-+-+-+-+-+-+-+-+-+-+-+-+-+-+-+-+-+-+-+-+-+-+-+-+-+-+-+-+-+-+-+
2026-10-07 22:21:33,071 - twister - INFO - The following issues were found (showing the top 10 items):
2026-10-07 22:21:33,071 - twister - INFO - 1) homework.unit.ring_buf on native_sim/native error (Build failure - error: gnu/stubs-32.h: No such file or directory)
2026-10-07 22:21:33,071 - twister - INFO - 
2026-10-07 22:21:33,071 - twister - INFO - To rerun the tests, call twister using the following commandline:
2026-10-07 22:21:33,071 - twister - INFO - west twister -p <PLATFORM> -s <TEST ID>, for example:
2026-10-07 22:21:33,071 - twister - INFO - 
2026-10-07 22:21:33,071 - twister - INFO - west twister -p native_sim/native -s homework.unit.ring_buf
2026-10-07 22:21:33,071 - twister - INFO - or with west:
2026-10-07 22:21:33,071 - twister - INFO - west build -p -b native_sim/native tests/ring_buf -T homework.unit.ring_buf
2026-10-07 22:21:33,071 - twister - INFO - -+-+-+-+-+-+-+-+-+-+-+-+-+-+-+-+-+-+-+-+-+-+-+-+-+-+-+-+-+-+-+-+-+-+-+-+-+-+-+-+
2026-10-07 22:21:33,071 - twister - INFO - Run completed
